<div id="customMembersMenu" class="j-pop-main j-menu j-quick-menu" style="display: block;"><span class="j-508-label a11y-boundary">Menu begins</span><div class="j-pop-desc"><h2>Members</h2></div><div class="j-nav-menu-scrollable js-nav-menu-scrollable"><span class="j-508-label a11y-boundary">Menu begins</span><ul id="myPlaces-list"><li><a href="/people?filterID=all" class="custom-dropdown j-ui-elem active" title="All members">All</a></li><li><a href="/people?filterID=historyarchetype[people]" class="custom-dropdown j-ui-elem active" title="Recently viewed members">Recently Viewed</a></li><li><a href="/people?filterID=following" class="custom-dropdown j-ui-elem active" title="Members you follow">Following</a></li><li><a href="/people?filterID=followers" class="custom-dropdown j-ui-elem active" title="Members who follow you">Followers</a></li></ul><span class="j-508-label a11y-boundary">Menu ends</span></div><span class="j-508-label a11y-boundary">Menu begins</span></div>
