<div id="menuCommunitiesAndNodes" class="j-pop-main j-menu j-quick-menu" style="display: block;"><span class="j-508-label a11y-boundary">Menu begins</span><div class="j-pop-desc"><h2>Places</h2></div><div><span class="j-508-label a11y-boundary">Menu begins</span><ul id="myPlaces-list"><li><a href="/places" class="custom-dropdown j-ui-elem active" title="All places">All</a></li><li><a href="/places?filterID=following" class="custom-dropdown j-ui-elem active" title="Places you follow">Following</a></li><li><a href="/places?filterID=member" class="custom-dropdown j-ui-elem active" title="places you are a member of">Member</a></li><li><a href="/places?filterID=owner" class="custom-dropdown j-ui-elem active" title="Places you are an owner of">Owner</a></li></ul><span class="j-508-label a11y-boundary">Menu ends</span></div>	<div><strong class="custom-dropdown-heading font-color-meta-light">Recently Viewed</strong><span class="j-508-label a11y-boundary">Menu begins</span><ul id="myPlaces-list"><li><a class="custom-dropdown j-ui-elem active" href="/community/support" title="Support">Support</a></li><li><a class="custom-dropdown j-ui-elem active" href="/community/support/user-guidance" title="User Guidance">User Guidance</a></li><li><a class="custom-dropdown j-ui-elem active" href="/community/support/user-feedback" title="User Feedback">User Feedback</a></li><li><a class="custom-dropdown j-ui-elem active" href="/community/support/faq" title="FAQ">FAQ</a></li></ul><a class="custom-dropdown j-ui-elem active show-more" href="/places?filterID=historyarchetype[containers]" title="More places">view more</a><span class="j-508-label a11y-boundary">Menu ends</span></div><span class="j-508-label a11y-boundary">Menu begins</span></div>
