<div id="customBrowseMenu" class="j-pop-main j-menu j-quick-menu" style="display: block;"><span class="j-508-label a11y-boundary">Menu begins</span><div class="j-pop-desc"><h2>Content</h2></div><div><span class="j-508-label a11y-boundary">Menu begins</span><ul id="myPlaces-list"><li><a href="/content?filterID=all" class="custom-dropdown j-ui-elem active" title="All content">All</a></li><li><a href="/content?filterID=historyarchetype[content]" class="custom-dropdown j-ui-elem active" title="Recently viewed content">Recently Viewed</a></li><li><a href="/content?filterID=following" class="custom-dropdown j-ui-elem active" title="Content you follow">Following</a></li><li><a href="/content?filterID=contentstatus[published]" class="custom-dropdown j-ui-elem active" title="Content you created">Authored</a></li><li><a href="/content?filterID=participated" class="custom-dropdown j-ui-elem active" title="Content you participated in">Participated</a></li></ul><span class="j-508-label a11y-boundary">Menu ends</span></div><div><strong class="custom-dropdown-heading font-color-meta-light">Recommended</strong><span class="j-508-label a11y-boundary">Menu begins</span><ul id="myPlaces-list"><li><a href="/support" class="custom-dropdown j-ui-elem active" title="Support">Support</a></li><li><a href="/alerts-and-advisories" class="custom-dropdown j-ui-elem active" title="Alerts &amp; Advisories">Alerts &amp; Advisories</a></li><li><a href="/official-publications" class="custom-dropdown j-ui-elem active" title="Official Publications">Official Publications</a></li><li><a href="/platform-services" class="custom-dropdown j-ui-elem active" title="CISP Services">CISP Services</a></li></ul><span class="j-508-label a11y-boundary">Menu ends</span></div><span class="j-508-label a11y-boundary">Menu begins</span></div>
