<div class="footer-main"><div class="footer-top"><a href="/ncsc"><img src="/ncsc-white.png" alt="NCSC Logo"></a></div><div class="footer-left"><div class="footer-column"><h4>Get Involved</h4><ul><li><a href="/somethings-happening-right-now">Share an incident on CiSP</a></li><li><a href="/blog/create-post.jspa">Share tips and techniques</a></li><li><a href="/places">Join groups and start discussion</a></li><li><a href="/getting-started">Getting the most out of CiSP</a></li><li><a href="/ncsc-blog">Follow the NCSC Blog</a></li></ul></div><div class="footer-column"><h4>How we can Help</h4><ul><li><a href="/ncsc-publications">NCSC Publications</a></li><li><a href="/alerts-and-advisories">Alerts &amp; Advisories</a></li><li><a href="/cisp-services">CiSP Services</a></li></ul></div><div class="footer-column"><h4>Support</h4><ul><li><a href="/getting-started">Getting Started</a></li><li><a href="/faq">Frequently Asked Questions</a></li><li><a href="mailto:cisp@cert.gov.uk">Contact Us</a></li></ul></div><div class="footer-column"><h4>Members</h4><ul><li><a href="/people">Member directory</a></li><li><a href="/people/admin">My profile</a></li><li><a href="/inbox">My Inbox</a></li><li><a href="/user-preferences!input.jspa">Email preferences</a></li></ul></div><div class="clearfix"></div></div><div class="footer-bottom"><div class="float-right"><a href="https://www.surevine.com" target="_blank" title="Built by Surevine">Built by Surevine</a></div><div class="j-footer-nav float-left"><a href="/">Home</a><a href="#top">Top of page</a><a href="/terms">Terms &amp; Conditions</a><a href="/logout.jspa">Logout</a></div></div></div>
