<div id="***scrubbed***" class="j-act-title" role="heading"><span title="Discussion" role="img" class="jive-icon-med jive-icon-med jive-icon-discussion acticon jive-icon-big"></span><span class="ihm-pill ihm-browse-1" title="Red">Red</span><a class="title" href="***scrubbed***?sr=stream">Check discussion</a></div><div id="***scrubbed***" class="j-act-title" role="heading"><span title="Discussion" role="img" class="jive-icon-med jive-icon-med jive-icon-discussion acticon jive-icon-big"></span><span class="ihm-pill ihm-browse-4" title="White">White</span><a class="title" href="***scrubbed***?sr=stream">Check discussion</a></div><div id="***scrubbed***" class="j-act-title" role="heading"><span title="Discussion" role="img" class="jive-icon-med jive-icon-med jive-icon-discussion acticon jive-icon-big"></span><span class="ihm-pill ihm-browse-3" title="Green">Green</span><a class="title" href="***scrubbed***?sr=stream">Check discussion</a></div><div id="***scrubbed***" class="j-act-title" role="heading"><span title="Discussion" role="img" class="jive-icon-med jive-icon-med jive-icon-discussion acticon jive-icon-big"></span><span class="ihm-pill ihm-browse-2" title="Amber">Amber</span><a class="title" href="***scrubbed***?sr=stream">Check discussion</a></div><div id="***scrubbed***" class="j-act-title" role="heading"><span title="Discussion" role="img" class="jive-icon-med jive-icon-med jive-icon-discussion acticon jive-icon-big"></span><span class="ihm-pill ihm-browse-1" title="Red">Red</span><a class="title" href="***scrubbed***?sr=stream">Check discussion</a></div><div id="***scrubbed***" class="j-act-title" role="heading"><span title="Discussion" role="img" class="jive-icon-med jive-icon-med jive-icon-discussion acticon jive-icon-big"></span><span class="ihm-pill ihm-browse-4" title="White">White</span><a class="title" href="***scrubbed***?sr=stream">Check discussion</a></div><div id="***scrubbed***" class="j-act-title" role="heading"><span title="Discussion" role="img" class="jive-icon-med jive-icon-med jive-icon-discussion acticon jive-icon-big"></span><span class="ihm-pill ihm-browse-3" title="Green">Green</span><a class="title" href="***scrubbed***?sr=stream">Check discussion</a></div><div id="***scrubbed***" class="j-act-title" role="heading"><span title="Discussion" role="img" class="jive-icon-med jive-icon-med jive-icon-discussion acticon jive-icon-big"></span><span class="ihm-pill ihm-browse-2" title="Amber">Amber</span><a class="title" href="***scrubbed***?sr=stream">Check discussion</a></div><div id="***scrubbed***" class="j-act-title" role="heading"><span title="Discussion" role="img" class="jive-icon-med jive-icon-med jive-icon-discussion acticon jive-icon-big"></span><span class="ihm-pill ihm-browse-1" title="Red">Red</span><a class="title" href="***scrubbed***?sr=stream">Check discussion</a></div><div id="***scrubbed***" class="j-act-title" role="heading"><span title="Discussion" role="img" class="jive-icon-med jive-icon-med jive-icon-discussion acticon jive-icon-big"></span><span class="ihm-pill ihm-browse-1" title="Red">Red</span><a class="title" href="***scrubbed***?sr=stream">Check discussion</a></div>
