<ol class="j-search-results j-content-results"><li data-self="http://localhost:8080/api/core/v3/***scrubbed***" class="j-search-result j-content "><div class="j-result-icon"><a ***scrubbed***>Load more items</span></a></li></ol>
