<div id="whats-happening">
		<h2>What's Happening <a class="pull-right view-feeds" href="/activity">view feeds</a></h2>

		<ul class="feeds">
			<li class="active" id="feed-all">All</li>
			<li id="feed-popular">Popular</li>			
			<li id="feed-following">Following</li>
		</ul>
	
		<ul class="events">

	<!-- WhatsHappeningContentObject -->

    <li class="newpost">
    
      <img class="icon" src="/custom-images/overview/newpost.png">
	  <div class="event-content">
      	<p>New post "<a href="***scrubbed***">Check discussion</a>"</p>
      	<p>
by
<a href="/people/admin" data-externalid="" data-username="admin" data-avatarid="-1" ***scrubbed*** data-userid="1" data-presence="null" class="jiveTT-hover-user jive-username-link">admin</a>      		
      	</p>
     </div>
      
      	<span class="ihm-pill ihm-browse-1 tlp level-1" title="RED: May be shared with named participant(s) only.">
Red      	</span>
    </li>

	<!-- WhatsHappeningContentObject -->

    <li class="newpost">
    
      <img class="icon" src="/custom-images/overview/newpost.png">
	  <div class="event-content">
      	<p>New post "<a href="***scrubbed***">Check discussion</a>"</p>
      	<p>
by
<a href="/people/admin" data-externalid="" data-username="admin" data-avatarid="-1" ***scrubbed*** data-userid="1" data-presence="null" class="jiveTT-hover-user jive-username-link">admin</a>      		
      	</p>
     </div>
      
      	<span class="ihm-pill ihm-browse-1 tlp level-1" title="RED: May be shared with named participant(s) only.">
Red      	</span>
    </li>

	<!-- WhatsHappeningContentObject -->

    <li class="newpost">
    
      <img class="icon" src="/custom-images/overview/newpost.png">
	  <div class="event-content">
      	<p>New post "<a href="***scrubbed***">Check discussion</a>"</p>
      	<p>
by
<a href="/people/admin" data-externalid="" data-username="admin" data-avatarid="-1" ***scrubbed*** data-userid="1" data-presence="null" class="jiveTT-hover-user jive-username-link">admin</a>      		
      	</p>
     </div>
      
      	<span class="ihm-pill ihm-browse-1 tlp level-1" title="RED: May be shared with named participant(s) only.">
Red      	</span>
    </li>

	<!-- WhatsHappeningContentObject -->

    <li class="newpost">
    
      <img class="icon" src="/custom-images/overview/newpost.png">
	  <div class="event-content">
      	<p>New post "<a href="***scrubbed***">Check discussion</a>"</p>
      	<p>
by
<a href="/people/admin" data-externalid="" data-username="admin" data-avatarid="-1" ***scrubbed*** data-userid="1" data-presence="null" class="jiveTT-hover-user jive-username-link">admin</a>      		
      	</p>
     </div>
      
      	<span class="ihm-pill ihm-browse-1 tlp level-1" title="RED: May be shared with named participant(s) only.">
Red      	</span>
    </li>

	<!-- WhatsHappeningContentObject -->

    <li class="newpost">
    
      <img class="icon" src="/custom-images/overview/newpost.png">
	  <div class="event-content">
      	<p>New post "<a href="***scrubbed***">Check discussion</a>"</p>
      	<p>
by
<a href="/people/admin" data-externalid="" data-username="admin" data-avatarid="-1" ***scrubbed*** data-userid="1" data-presence="null" class="jiveTT-hover-user jive-username-link">admin</a>      		
      	</p>
     </div>
      
      	<span class="ihm-pill ihm-browse-1 tlp level-1" title="RED: May be shared with named participant(s) only.">
Red      	</span>
    </li>

	<!-- WhatsHappeningContentObject -->

    <li class="newpost">
    
      <img class="icon" src="/custom-images/overview/newpost.png">
	  <div class="event-content">
      	<p>New post "<a href="***scrubbed***">Check discussion</a>"</p>
      	<p>
by
<a href="/people/admin" data-externalid="" data-username="admin" data-avatarid="-1" ***scrubbed*** data-userid="1" data-presence="null" class="jiveTT-hover-user jive-username-link">admin</a>      		
      	</p>
     </div>
      
      	<span class="ihm-pill ihm-browse-1 tlp level-1" title="RED: May be shared with named participant(s) only.">
Red      	</span>
    </li>

	<!-- WhatsHappeningContentObject -->

    <li class="newpost">
    
      <img class="icon" src="/custom-images/overview/newpost.png">
	  <div class="event-content">
      	<p>New post "<a href="***scrubbed***">Check discussion</a>"</p>
      	<p>
by
<a href="/people/admin" data-externalid="" data-username="admin" data-avatarid="-1" ***scrubbed*** data-userid="1" data-presence="null" class="jiveTT-hover-user jive-username-link">admin</a>      		
      	</p>
     </div>
      
      	<span class="ihm-pill ihm-browse-1 tlp level-1" title="RED: May be shared with named participant(s) only.">
Red      	</span>
    </li>
		</ul>
	
    	<div class="more-status-content">
        	<span class="jive-whats-new-more">
            	<a href="#" class="jive-icon-link-forward-content jive-more-content">More</a>   
        	</span>
    	</div>

		<form class="whats-happening-ajax-form" action="/whats-happening-ajax.jspa">
    		<input type="hidden" name="containerID" value="1">
    		<input type="hidden" name="containerType" value="14">
			<input type="hidden" ***scrubbed***>
		</form>
	</div>
